// Jest Snapshot v1, https://goo.gl/fbAQLP

exports[`<ScreenChecker/> renders correctly 1`] = `
.emotion-0 {
  position: absolute;
  left: 0;
  top: 0;
  z-index: 4;
  display: -webkit-box;
  display: -webkit-flex;
  display: -ms-flexbox;
  display: flex;
  -webkit-box-pack: center;
  -webkit-justify-content: center;
  -ms-flex-pack: center;
  justify-content: center;
  -webkit-align-items: center;
  -webkit-box-align: center;
  -ms-flex-align: center;
  align-items: center;
  width: 100%;
  height: 100%;
  background: #0000b1;
}

.emotion-0 span {
  font-family: 'Courier New',Courer;
  font-size: 25px;
  font-weight: bold;
  text-align: center;
  padding: 0 30px;
  color: #fff;
}

@media (min-width:740px) {
  .emotion-0 span {
    padding: 0;
  }
}

<div>
  <div
    className="emotion-0"
  >
    <span>
      Sorry, but your screen size is smaller than required.
      <br />
      Minimal sizes: width=960, height=800
    </span>
  </div>
</div>
`;
