// Jest Snapshot v1, https://goo.gl/fbAQLP

exports[`<StartingScreen/> renders correctly 1`] = `
.emotion-4 {
  position: absolute;
  top: 0;
  left: 0;
  z-index: 1;
  width: 100%;
  height: 100%;
  padding: 35px;
  box-sizing: border-box;
  background-color: #eafff2;
}

.emotion-0 {
  font-weight: normal;
  font-family: Arial;
  font-size: 35px;
  color: #333;
  margin: 0 0 25px 0;
}

.emotion-3 {
  margin: 0 0 25px 0;
}

.emotion-3 input {
  border-bottom-color: #f55662;
}

.emotion-1 {
  position: relative;
  -webkit-animation: animation-e59sno 0.7s ease infinite;
  animation: animation-e59sno 0.7s ease infinite;
  font-family: Arial;
  font-size: 35px;
  color: #333;
}

.emotion-2 {
  width: 241px;
  margin-left: 20px;
  background-color: transparent;
  border: none;
  border-bottom: 1px solid #ccc;
  outline: none;
  font-family: Arial;
  font-size: 35px;
  color: #333;
}

<div
  className="emotion-4"
>
  <h1
    className="emotion-0"
  >
    What's your name?
  </h1>
  <div
    className="emotion-3"
  >
    <label
      className="emotion-1"
      htmlFor="name"
    >
      â‡¨
    </label>
    <input
      autoComplete="off"
      autoFocus={true}
      className="emotion-2"
      id="name"
      onBlur={[Function]}
      onChange={[Function]}
      onFocus={[Function]}
      onKeyPress={[Function]}
      type="text"
      value=""
    />
  </div>
</div>
`;
