// Jest Snapshot v1, https://goo.gl/fbAQLP

exports[`reducer has initial state 1`] = `
Object {
  "coefficients": Array [
    0,
    0,
  ],
  "name": "",
  "score": Array [
    0,
    0,
  ],
  "totalScore": Array [
    0,
    0,
  ],
}
`;
