// Jest Snapshot v1, https://goo.gl/fbAQLP

exports[`<Bg/> renders correctly 1`] = `
Array [
  <img
    hidden={true}
    onLoad={[Function]}
    src="./images/chance.svg"
  />,
  .emotion-0 {
  position: absolute;
  z-index: 0;
}

<canvas
    className="emotion-0"
    height="768px"
    width="1024px"
  />,
]
`;
